{
 "render": "/home/frank/robot/aha-3d/runs/yam_bimanual_rig/20260929t225835z-build-1de8ab34/renders/v26",
 "from": "configs/v26.json",
 "steps": [
  "wrist",
  "albedo"
 ],
 "regions": {
  "desk": {
   "pixels": 128473,
   "real_lin": [
    0.2462,
    0.19462,
    0.11444
   ],
   "render_lin": [
    0.24371,
    0.19372,
    0.11656
   ],
   "ratio": [
    1.0102,
    1.0046,
    0.9818
   ],
   "param": "desk_top.albedo",
   "old": [
    0.43503,
    0.33658,
    0.18531
   ],
   "new": [
    0.43948,
    0.33814,
    0.18194
   ]
  },
  "wall": {
   "pixels": 280477,
   "real_lin": [
    0.25415,
    0.26225,
    0.24228
   ],
   "render_lin": [
    0.25096,
    0.26045,
    0.23864
   ],
   "ratio": [
    1.0127,
    1.0069,
    1.0153
   ],
   "param": "wall.albedo",
   "old": [
    0.47123,
    0.48816,
    0.48243
   ],
   "new": [
    0.47722,
    0.49153,
    0.4898
   ]
  },
  "carpet": {
   "pixels": 22866,
   "real_lin": [
    0.0075,
    0.01298,
    0.02315
   ],
   "render_lin": [
    0.0075,
    0.01298,
    0.02317
   ],
   "ratio": [
    0.9997,
    1.0004,
    0.9992
   ],
   "param": "carpet.albedo",
   "old": [
    0.03746,
    0.06752,
    0.12052
   ],
   "new": [
    0.03745,
    0.06754,
    0.12043
   ]
  },
  "glass_frosted": {
   "pixels": 34443,
   "real_lin": [
    0.016,
    0.15896,
    0.42869
   ],
   "render_lin": [
    0.01601,
    0.15897,
    0.42865
   ],
   "ratio": [
    0.9993,
    0.9999,
    1.0001
   ],
   "param": "frosted.emission",
   "old": [
    0.01292,
    0.18233,
    0.50518
   ],
   "new": [
    0.01291,
    0.18232,
    0.50523
   ]
  },
  "glass_frame": {
   "pixels": 2098,
   "real_lin": [
    0.04231,
    0.10224,
    0.22323
   ],
   "render_lin": [
    0.04232,
    0.08463,
    0.18166
   ],
   "ratio": [
    0.9998,
    1.2081,
    1.2288
   ],
   "param": "frame_alu.albedo",
   "old": [
    0.59174,
    0.95,
    0.95
   ],
   "new": [
    0.59163,
    0.95,
    0.95
   ]
  },
  "panel": {
   "pixels": 11020,
   "real_lin": [
    0.01096,
    0.01229,
    0.00913
   ],
   "render_lin": [
    0.01095,
    0.01226,
    0.00911
   ],
   "ratio": [
    1.0013,
    1.0025,
    1.0026
   ],
   "param": "panel.tint",
   "old": [
    0.25948,
    0.27386,
    0.19682
   ],
   "new": [
    0.25983,
    0.27453,
    0.19732
   ]
  },
  "monitor_desk": {
   "pixels": 10715,
   "real_lin": [
    0.13843,
    0.11697,
    0.06301
   ],
   "render_lin": [
    0.13853,
    0.11716,
    0.06308
   ],
   "ratio": [
    0.9993,
    0.9984,
    0.9989
   ],
   "param": "monitor_desk_top.albedo",
   "old": [
    0.35345,
    0.30106,
    0.16286
   ],
   "new": [
    0.35321,
    0.30057,
    0.16267
   ]
  },
  "brackets": {
   "pixels": 1123,
   "real_lin": [
    0.01938,
    0.02315,
    0.02315
   ],
   "render_lin": [
    0.02379,
    0.02602,
    0.02455
   ],
   "ratio": [
    0.8148,
    0.8897,
    0.9429
   ],
   "param": "bracket.albedo",
   "old": [
    0.02677,
    0.03694,
    0.04508
   ],
   "new": [
    0.02181,
    0.03286,
    0.04251
   ]
  },
  "glass_lower": {
   "pixels": 19183,
   "real_lin": [
    0.007,
    0.02843,
    0.07227
   ],
   "render_lin": [
    0.00713,
    0.0292,
    0.07412
   ],
   "ratio": [
    0.9811,
    0.9731,
    0.9759
   ],
   "param": "lighting.daylight power/color"
  }
 },
 "left_wrist": {
  "pixels": 353899,
  "gain": [
   1.2527,
   1.3175,
   1.5457
  ]
 },
 "right_wrist": {
  "pixels": 355651,
  "gain": [
   1.3427,
   1.5157,
   2.0885
  ]
 }
}
