{
 "render": "/home/frank/robot/aha-3d/runs/yam_bimanual_rig/20260929t225835z-build-1de8ab34/renders/v17",
 "from": "configs/v17.json",
 "steps": [
  "albedo"
 ],
 "regions": {
  "desk": {
   "pixels": 128473,
   "real_lin": [
    0.2462,
    0.19462,
    0.11444
   ],
   "render_lin": [
    0.24629,
    0.19474,
    0.11427
   ],
   "ratio": [
    0.9996,
    0.9994,
    1.0014
   ],
   "param": "desk_top.albedo",
   "old": [
    0.42384,
    0.33344,
    0.1952
   ],
   "new": [
    0.42369,
    0.33324,
    0.19548
   ]
  },
  "wall": {
   "pixels": 280556,
   "real_lin": [
    0.25415,
    0.26225,
    0.24228
   ],
   "render_lin": [
    0.25434,
    0.26237,
    0.24222
   ],
   "ratio": [
    0.9993,
    0.9995,
    1.0002
   ],
   "param": "wall.albedo",
   "old": [
    0.45435,
    0.47875,
    0.46124
   ],
   "new": [
    0.45402,
    0.47853,
    0.46135
   ]
  },
  "carpet": {
   "pixels": 22866,
   "real_lin": [
    0.0075,
    0.01298,
    0.02315
   ],
   "render_lin": [
    0.00744,
    0.01296,
    0.02306
   ],
   "ratio": [
    1.0076,
    1.0016,
    1.0039
   ],
   "param": "carpet.albedo",
   "old": [
    0.03741,
    0.0671,
    0.12085
   ],
   "new": [
    0.0377,
    0.06721,
    0.12133
   ]
  },
  "glass_frosted": {
   "pixels": 31605,
   "real_lin": [
    0.016,
    0.15896,
    0.42327
   ],
   "render_lin": [
    0.016,
    0.15889,
    0.42335
   ],
   "ratio": [
    0.9995,
    1.0004,
    0.9998
   ],
   "param": "frosted.emission",
   "old": [
    0.01301,
    0.18298,
    0.5
   ],
   "new": [
    0.013,
    0.18306,
    0.4999
   ]
  },
  "glass_frame": {
   "pixels": 2304,
   "real_lin": [
    0.03955,
    0.10946,
    0.26225
   ],
   "render_lin": [
    0.03952,
    0.08188,
    0.09834
   ],
   "ratio": [
    1.0006,
    1.3369,
    2.6667
   ],
   "param": "frame_alu.albedo",
   "old": [
    0.55167,
    0.95,
    0.95
   ],
   "new": [
    0.55198,
    0.95,
    0.95
   ]
  },
  "panel": {
   "pixels": 11231,
   "real_lin": [
    0.01096,
    0.01229,
    0.00913
   ],
   "render_lin": [
    0.00984,
    0.01103,
    0.00872
   ],
   "ratio": [
    1.114,
    1.114,
    1.0474
   ],
   "param": "panel.tint",
   "old": [
    0.22065,
    0.23479,
    0.18203
   ],
   "new": [
    0.24581,
    0.26156,
    0.19066
   ]
  },
  "monitor_desk": {
   "pixels": 14519,
   "real_lin": [
    0.13287,
    0.11444,
    0.06125
   ],
   "render_lin": [
    0.13303,
    0.11457,
    0.06123
   ],
   "ratio": [
    0.9988,
    0.9988,
    1.0003
   ],
   "param": "monitor_desk_top.albedo",
   "old": [
    0.33789,
    0.29327,
    0.15616
   ],
   "new": [
    0.33747,
    0.29291,
    0.15621
   ]
  },
  "glass_lower": {
   "pixels": 18949,
   "real_lin": [
    0.007,
    0.02843,
    0.07227
   ],
   "render_lin": [
    0.00654,
    0.03975,
    0.103
   ],
   "ratio": [
    1.061,
    0.7141,
    0.699
   ],
   "param": "lighting.daylight power/color"
  }
 }
}
