{
 "render": "/home/frank/robot/aha-3d/runs/yam_bimanual_rig/20260929t225835z-build-1de8ab34/renders/v24",
 "from": "configs/v24.json",
 "steps": [
  "albedo"
 ],
 "regions": {
  "desk": {
   "pixels": 128473,
   "real_lin": [
    0.2462,
    0.19462,
    0.11444
   ],
   "render_lin": [
    0.24374,
    0.19374,
    0.11653
   ],
   "ratio": [
    1.0101,
    1.0045,
    0.982
   ],
   "param": "desk_top.albedo",
   "old": [
    0.43068,
    0.33507,
    0.1887
   ],
   "new": [
    0.43503,
    0.33658,
    0.18531
   ]
  },
  "wall": {
   "pixels": 280477,
   "real_lin": [
    0.25415,
    0.26225,
    0.24228
   ],
   "render_lin": [
    0.25083,
    0.2604,
    0.23857
   ],
   "ratio": [
    1.0132,
    1.0071,
    1.0155
   ],
   "param": "wall.albedo",
   "old": [
    0.46507,
    0.48472,
    0.47505
   ],
   "new": [
    0.47123,
    0.48816,
    0.48243
   ]
  },
  "carpet": {
   "pixels": 22866,
   "real_lin": [
    0.0075,
    0.01298,
    0.02315
   ],
   "render_lin": [
    0.00753,
    0.01304,
    0.02321
   ],
   "ratio": [
    0.9963,
    0.9959,
    0.9974
   ],
   "param": "carpet.albedo",
   "old": [
    0.0376,
    0.0678,
    0.12083
   ],
   "new": [
    0.03746,
    0.06752,
    0.12052
   ]
  },
  "glass_frosted": {
   "pixels": 34443,
   "real_lin": [
    0.016,
    0.15896,
    0.42869
   ],
   "render_lin": [
    0.01602,
    0.15907,
    0.4283
   ],
   "ratio": [
    0.9984,
    0.9993,
    1.0009
   ],
   "param": "frosted.emission",
   "old": [
    0.01294,
    0.18246,
    0.50473
   ],
   "new": [
    0.01292,
    0.18233,
    0.50518
   ]
  },
  "glass_frame": {
   "pixels": 2098,
   "real_lin": [
    0.04231,
    0.10224,
    0.22323
   ],
   "render_lin": [
    0.04238,
    0.08506,
    0.17368
   ],
   "ratio": [
    0.9984,
    1.2019,
    1.2853
   ],
   "param": "frame_alu.albedo",
   "old": [
    0.59269,
    0.95,
    0.86759
   ],
   "new": [
    0.59174,
    0.95,
    0.95
   ]
  },
  "panel": {
   "pixels": 11020,
   "real_lin": [
    0.01096,
    0.01229,
    0.00913
   ],
   "render_lin": [
    0.01067,
    0.01199,
    0.00896
   ],
   "ratio": [
    1.0272,
    1.0251,
    1.0189
   ],
   "param": "panel.tint",
   "old": [
    0.25261,
    0.26715,
    0.19318
   ],
   "new": [
    0.25948,
    0.27386,
    0.19682
   ]
  },
  "monitor_desk": {
   "pixels": 9629,
   "real_lin": [
    0.13843,
    0.11697,
    0.06301
   ],
   "render_lin": [
    0.13233,
    0.11382,
    0.06067
   ],
   "ratio": [
    1.0461,
    1.0277,
    1.0386
   ],
   "param": "monitor_desk_top.albedo",
   "old": [
    0.33788,
    0.29294,
    0.1568
   ],
   "new": [
    0.35345,
    0.30106,
    0.16286
   ]
  },
  "brackets": {
   "pixels": 1123,
   "real_lin": [
    0.01938,
    0.02315,
    0.02315
   ],
   "render_lin": [
    0.02792,
    0.02939,
    0.02717
   ],
   "ratio": [
    0.6943,
    0.7877,
    0.8522
   ],
   "param": "bracket.albedo",
   "old": [
    0.03856,
    0.0469,
    0.0529
   ],
   "new": [
    0.02677,
    0.03694,
    0.04508
   ]
  },
  "glass_lower": {
   "pixels": 19183,
   "real_lin": [
    0.007,
    0.02843,
    0.07227
   ],
   "render_lin": [
    0.00719,
    0.03037,
    0.07666
   ],
   "ratio": [
    0.9764,
    0.9398,
    0.9453
   ],
   "param": "lighting.daylight power/color"
  }
 }
}
