{
 "render": "/home/frank/robot/aha-3d/runs/yam_bimanual_rig/20260929t225835z-build-1de8ab34/renders/v08",
 "from": "configs/v08.json",
 "steps": [
  "albedo"
 ],
 "regions": {
  "desk": {
   "pixels": 128473,
   "real_lin": [
    0.2462,
    0.19462,
    0.11444
   ],
   "render_lin": [
    0.24549,
    0.19758,
    0.12493
   ],
   "ratio": [
    1.0029,
    0.985,
    0.916
   ],
   "param": "desk_top.albedo",
   "old": [
    0.30422,
    0.23057,
    0.12005
   ],
   "new": [
    0.3051,
    0.22711,
    0.10996
   ]
  },
  "wall": {
   "pixels": 280556,
   "real_lin": [
    0.25415,
    0.26225,
    0.24228
   ],
   "render_lin": [
    0.25121,
    0.25964,
    0.24666
   ],
   "ratio": [
    1.0117,
    1.01,
    0.9823
   ],
   "param": "wall.albedo",
   "old": [
    0.44371,
    0.474,
    0.46754
   ],
   "new": [
    0.4489,
    0.47876,
    0.45925
   ]
  },
  "carpet": {
   "pixels": 22866,
   "real_lin": [
    0.0075,
    0.01298,
    0.02315
   ],
   "render_lin": [
    0.00633,
    0.01463,
    0.03498
   ],
   "ratio": [
    1.1841,
    0.8874,
    0.6618
   ],
   "param": "carpet.albedo",
   "old": [
    0.01218,
    0.011,
    0.01048
   ],
   "new": [
    0.01442,
    0.00976,
    0.00694
   ]
  },
  "glass_frosted": {
   "pixels": 31605,
   "real_lin": [
    0.016,
    0.15896,
    0.42327
   ],
   "render_lin": [
    0.0142,
    0.1497,
    0.40111
   ],
   "ratio": [
    1.1261,
    1.0619,
    1.0552
   ],
   "param": "frosted.emission",
   "old": [
    0.01204,
    0.19873,
    0.54608
   ],
   "new": [
    0.01356,
    0.21103,
    0.57625
   ]
  },
  "glass_frame": {
   "pixels": 2304,
   "real_lin": [
    0.03955,
    0.10946,
    0.26225
   ],
   "render_lin": [
    0.02364,
    0.08583,
    0.22074
   ],
   "ratio": [
    1.6725,
    1.2754,
    1.1881
   ],
   "param": "frame_alu.albedo",
   "old": [
    0.19125,
    0.30304,
    0.32469
   ],
   "new": [
    0.31987,
    0.38649,
    0.38576
   ]
  },
  "panel": {
   "pixels": 11231,
   "real_lin": [
    0.01096,
    0.01229,
    0.00913
   ],
   "render_lin": [
    0.02534,
    0.02461,
    0.02278
   ],
   "ratio": [
    0.4325,
    0.4993,
    0.4011
   ],
   "param": "panel.tint",
   "old": [
    0.01824,
    0.0241,
    0.01522
   ],
   "new": [
    0.00789,
    0.01203,
    0.0061
   ]
  },
  "monitor_desk": {
   "pixels": 14519,
   "real_lin": [
    0.13287,
    0.11444,
    0.06125
   ],
   "render_lin": [
    0.12561,
    0.10811,
    0.05864
   ],
   "ratio": [
    1.0578,
    1.0585,
    1.0444
   ],
   "param": "monitor_desk_top.albedo",
   "old": [
    0.27915,
    0.24123,
    0.12543
   ],
   "new": [
    0.29528,
    0.25535,
    0.13099
   ]
  },
  "glass_lower": {
   "pixels": 18949,
   "real_lin": [
    0.007,
    0.02843,
    0.07227
   ],
   "render_lin": [
    0.00565,
    0.02195,
    0.06142
   ],
   "ratio": [
    1.0456,
    1.4594,
    1.7779
   ],
   "param": "lighting.daylight power/color"
  }
 }
}
