{
 "render": "/home/frank/robot/aha-3d/runs/yam_bimanual_rig/20260929t225835z-build-1de8ab34/renders/v31",
 "from": "configs/v31.json",
 "steps": [
  "wrist_vignette",
  "wrist",
  "albedo"
 ],
 "regions": {
  "desk": {
   "pixels": 124190,
   "real_lin": [
    0.2462,
    0.19462,
    0.11444
   ],
   "render_lin": [
    0.24227,
    0.19334,
    0.11685
   ],
   "ratio": [
    1.0162,
    1.0066,
    0.9794
   ],
   "param": "desk_top.albedo",
   "old": [
    0.43948,
    0.33814,
    0.18194
   ],
   "new": [
    0.44661,
    0.34038,
    0.17818
   ]
  },
  "wall": {
   "pixels": 280477,
   "real_lin": [
    0.25415,
    0.26225,
    0.24228
   ],
   "render_lin": [
    0.25096,
    0.26045,
    0.23853
   ],
   "ratio": [
    1.0127,
    1.0069,
    1.0157
   ],
   "param": "wall.albedo",
   "old": [
    0.47722,
    0.49153,
    0.4898
   ],
   "new": [
    0.48329,
    0.49493,
    0.4975
   ]
  },
  "carpet": {
   "pixels": 22866,
   "real_lin": [
    0.0075,
    0.01298,
    0.02315
   ],
   "render_lin": [
    0.0075,
    0.01297,
    0.02312
   ],
   "ratio": [
    0.9996,
    1.0012,
    1.0016
   ],
   "param": "carpet.albedo",
   "old": [
    0.03745,
    0.06754,
    0.12043
   ],
   "new": [
    0.03744,
    0.06762,
    0.12062
   ]
  },
  "glass_frosted": {
   "pixels": 34443,
   "real_lin": [
    0.016,
    0.15896,
    0.42869
   ],
   "render_lin": [
    0.01598,
    0.15899,
    0.42868
   ],
   "ratio": [
    1.0009,
    0.9998,
    1.0
   ],
   "param": "frosted.emission",
   "old": [
    0.01291,
    0.18232,
    0.50523
   ],
   "new": [
    0.01292,
    0.18229,
    0.50524
   ]
  },
  "glass_frame": {
   "pixels": 2098,
   "real_lin": [
    0.04231,
    0.10224,
    0.22323
   ],
   "render_lin": [
    0.04225,
    0.08441,
    0.18113
   ],
   "ratio": [
    1.0015,
    1.2113,
    1.2324
   ],
   "param": "frame_alu.albedo",
   "old": [
    0.59163,
    0.95,
    0.95
   ],
   "new": [
    0.59253,
    0.95,
    0.95
   ]
  },
  "panel": {
   "pixels": 11020,
   "real_lin": [
    0.01096,
    0.01229,
    0.00913
   ],
   "render_lin": [
    0.01097,
    0.01231,
    0.00915
   ],
   "ratio": [
    0.9989,
    0.9982,
    0.9982
   ],
   "param": "panel.tint",
   "old": [
    0.25983,
    0.27453,
    0.19732
   ],
   "new": [
    0.25954,
    0.27402,
    0.19696
   ]
  },
  "monitor_desk": {
   "pixels": 10715,
   "real_lin": [
    0.13843,
    0.11697,
    0.06301
   ],
   "render_lin": [
    0.13844,
    0.11697,
    0.06304
   ],
   "ratio": [
    1.0,
    1.0,
    0.9995
   ],
   "param": "monitor_desk_top.albedo",
   "old": [
    0.35321,
    0.30057,
    0.16267
   ],
   "new": [
    0.3532,
    0.30056,
    0.16258
   ]
  },
  "brackets": {
   "pixels": 1123,
   "real_lin": [
    0.01938,
    0.02315,
    0.02315
   ],
   "render_lin": [
    0.0221,
    0.0246,
    0.02362
   ],
   "ratio": [
    0.8771,
    0.941,
    0.9804
   ],
   "param": "bracket.albedo",
   "old": [
    0.02181,
    0.03286,
    0.04251
   ],
   "new": [
    0.01913,
    0.03092,
    0.04168
   ]
  },
  "glass_lower": {
   "pixels": 19183,
   "real_lin": [
    0.007,
    0.02843,
    0.07227
   ],
   "render_lin": [
    0.00711,
    0.02881,
    0.07303
   ],
   "ratio": [
    0.9844,
    0.9855,
    0.9881
   ],
   "param": "lighting.daylight power/color"
  }
 },
 "left_wrist": {
  "pixels": 339706,
  "gain": [
   1.6413,
   1.6775,
   1.8857
  ],
  "k1": -0.37673278278334693,
  "k2": 0.05389310166281488
 },
 "right_wrist": {
  "pixels": 347825,
  "gain": [
   1.8406,
   2.0026,
   2.6057
  ],
  "k1": -0.5264222718295835,
  "k2": 0.12982956378049917
 }
}
