{
 "render": "/home/frank/robot/aha-3d/runs/yam_bimanual_rig/20260929t225835z-build-1de8ab34/renders/v16",
 "from": "configs/v16.json",
 "steps": [
  "albedo"
 ],
 "regions": {
  "desk": {
   "pixels": 128473,
   "real_lin": [
    0.2462,
    0.19462,
    0.11444
   ],
   "render_lin": [
    0.24609,
    0.19444,
    0.11456
   ],
   "ratio": [
    1.0004,
    1.0009,
    0.9989
   ],
   "param": "desk_top.albedo",
   "old": [
    0.42365,
    0.33313,
    0.19541
   ],
   "new": [
    0.42384,
    0.33344,
    0.1952
   ]
  },
  "wall": {
   "pixels": 280556,
   "real_lin": [
    0.25415,
    0.26225,
    0.24228
   ],
   "render_lin": [
    0.25431,
    0.26254,
    0.24334
   ],
   "ratio": [
    0.9994,
    0.9989,
    0.9956
   ],
   "param": "wall.albedo",
   "old": [
    0.45463,
    0.47928,
    0.46326
   ],
   "new": [
    0.45435,
    0.47875,
    0.46124
   ]
  },
  "carpet": {
   "pixels": 22866,
   "real_lin": [
    0.0075,
    0.01298,
    0.02315
   ],
   "render_lin": [
    0.00734,
    0.0129,
    0.02323
   ],
   "ratio": [
    1.022,
    1.0061,
    0.9965
   ],
   "param": "carpet.albedo",
   "old": [
    0.0366,
    0.06669,
    0.12127
   ],
   "new": [
    0.03741,
    0.0671,
    0.12085
   ]
  },
  "glass_frosted": {
   "pixels": 31605,
   "real_lin": [
    0.016,
    0.15896,
    0.42327
   ],
   "render_lin": [
    0.01602,
    0.15902,
    0.4235
   ],
   "ratio": [
    0.9983,
    0.9996,
    0.9995
   ],
   "param": "frosted.emission",
   "old": [
    0.01303,
    0.18305,
    0.50027
   ],
   "new": [
    0.01301,
    0.18298,
    0.5
   ]
  },
  "glass_frame": {
   "pixels": 2304,
   "real_lin": [
    0.03955,
    0.10946,
    0.26225
   ],
   "render_lin": [
    0.05376,
    0.06925,
    0.09244
   ],
   "ratio": [
    0.7356,
    1.5807,
    2.837
   ],
   "param": "frame_alu.albedo",
   "old": [
    0.75,
    0.8,
    0.85
   ],
   "new": [
    0.55167,
    0.95,
    0.95
   ]
  },
  "panel": {
   "pixels": 11231,
   "real_lin": [
    0.01096,
    0.01229,
    0.00913
   ],
   "render_lin": [
    0.00745,
    0.00785,
    0.00753
   ],
   "ratio": [
    1.471,
    1.5653,
    1.2135
   ],
   "param": "panel.tint",
   "old": [
    0.15,
    0.15,
    0.15
   ],
   "new": [
    0.22065,
    0.23479,
    0.18203
   ]
  },
  "monitor_desk": {
   "pixels": 14519,
   "real_lin": [
    0.13287,
    0.11444,
    0.06125
   ],
   "render_lin": [
    0.1324,
    0.11404,
    0.06102
   ],
   "ratio": [
    1.0035,
    1.0035,
    1.0037
   ],
   "param": "monitor_desk_top.albedo",
   "old": [
    0.33671,
    0.29225,
    0.15559
   ],
   "new": [
    0.33789,
    0.29327,
    0.15616
   ]
  },
  "glass_lower": {
   "pixels": 18949,
   "real_lin": [
    0.007,
    0.02843,
    0.07227
   ],
   "render_lin": [
    0.00592,
    0.04442,
    0.12272
   ],
   "ratio": [
    1.1571,
    0.6361,
    0.591
   ],
   "param": "lighting.daylight power/color"
  }
 }
}
