{
 "render": "/home/frank/robot/aha-3d/runs/yam_bimanual_rig/20260929t225835z-build-1de8ab34/renders/v11",
 "from": "configs/v11.json",
 "steps": [
  "albedo"
 ],
 "regions": {
  "desk": {
   "pixels": 128473,
   "real_lin": [
    0.2462,
    0.19462,
    0.11444
   ],
   "render_lin": [
    0.24485,
    0.19096,
    0.12222
   ],
   "ratio": [
    1.0055,
    1.0192,
    0.9363
   ],
   "param": "desk_top.albedo",
   "old": [
    0.41291,
    0.29447,
    0.11581
   ],
   "new": [
    0.41518,
    0.30011,
    0.10843
   ]
  },
  "wall": {
   "pixels": 280556,
   "real_lin": [
    0.25415,
    0.26225,
    0.24228
   ],
   "render_lin": [
    0.25955,
    0.26564,
    0.24926
   ],
   "ratio": [
    0.9792,
    0.9872,
    0.972
   ],
   "param": "wall.albedo",
   "old": [
    0.45785,
    0.47466,
    0.43208
   ],
   "new": [
    0.44833,
    0.4686,
    0.41998
   ]
  },
  "carpet": {
   "pixels": 22866,
   "real_lin": [
    0.0075,
    0.01298,
    0.02315
   ],
   "render_lin": [
    0.00634,
    0.01422,
    0.04257
   ],
   "ratio": [
    1.1835,
    0.9133,
    0.5439
   ],
   "param": "carpet.albedo",
   "old": [
    0.01948,
    0.00798,
    0.00371
   ],
   "new": [
    0.02305,
    0.00729,
    0.00202
   ]
  },
  "glass_frosted": {
   "pixels": 31605,
   "real_lin": [
    0.016,
    0.15896,
    0.42327
   ],
   "render_lin": [
    0.01618,
    0.16078,
    0.42895
   ],
   "ratio": [
    0.9887,
    0.9887,
    0.9867
   ],
   "param": "frosted.emission",
   "old": [
    0.01323,
    0.18465,
    0.49924
   ],
   "new": [
    0.01308,
    0.18256,
    0.49262
   ]
  },
  "glass_frame": {
   "pixels": 2304,
   "real_lin": [
    0.03955,
    0.10946,
    0.26225
   ],
   "render_lin": [
    0.03823,
    0.10933,
    0.32872
   ],
   "ratio": [
    1.0345,
    1.0012,
    0.7978
   ],
   "param": "frame_alu.albedo",
   "old": [
    0.28013,
    0.2955,
    0.24101
   ],
   "new": [
    0.28978,
    0.29586,
    0.19228
   ]
  },
  "panel": {
   "pixels": 11231,
   "real_lin": [
    0.01096,
    0.01229,
    0.00913
   ],
   "render_lin": [
    0.02283,
    0.02236,
    0.02142
   ],
   "ratio": [
    0.48,
    0.5496,
    0.4265
   ],
   "param": "panel.tint",
   "old": [
    0.00387,
    0.00667,
    0.00264
   ],
   "new": [
    0.00186,
    0.00367,
    0.00113
   ]
  },
  "monitor_desk": {
   "pixels": 14519,
   "real_lin": [
    0.13287,
    0.11444,
    0.06125
   ],
   "render_lin": [
    0.13278,
    0.11386,
    0.0623
   ],
   "ratio": [
    1.0007,
    1.0051,
    0.9831
   ],
   "param": "monitor_desk_top.albedo",
   "old": [
    0.33059,
    0.28153,
    0.13907
   ],
   "new": [
    0.33081,
    0.28296,
    0.13673
   ]
  },
  "glass_lower": {
   "pixels": 18949,
   "real_lin": [
    0.007,
    0.02843,
    0.07227
   ],
   "render_lin": [
    0.0067,
    0.02349,
    0.07677
   ],
   "ratio": [
    0.8829,
    1.3251,
    1.7309
   ],
   "param": "lighting.daylight power/color"
  }
 }
}
