{
 "render": "/home/frank/robot/aha-3d/runs/yam_bimanual_rig/20260929t225835z-build-1de8ab34/renders/v06",
 "from": "configs/v06.json",
 "steps": [
  "vignette",
  "albedo"
 ],
 "regions": {
  "desk": {
   "pixels": 128473,
   "real_lin": [
    0.2462,
    0.19462,
    0.11444
   ],
   "render_lin": [
    0.26035,
    0.21142,
    0.13139
   ],
   "ratio": [
    0.9457,
    0.9205,
    0.871
   ],
   "param": "desk_top.albedo",
   "old": [
    0.3217,
    0.25047,
    0.13784
   ],
   "new": [
    0.30422,
    0.23057,
    0.12005
   ]
  },
  "wall": {
   "pixels": 285917,
   "real_lin": [
    0.25016,
    0.25818,
    0.24228
   ],
   "render_lin": [
    0.25653,
    0.26518,
    0.24797
   ],
   "ratio": [
    0.9751,
    0.9736,
    0.9771
   ],
   "param": "wall.albedo",
   "old": [
    0.45502,
    0.48685,
    0.47852
   ],
   "new": [
    0.44371,
    0.474,
    0.46754
   ]
  },
  "carpet": {
   "pixels": 22236,
   "real_lin": [
    0.0075,
    0.01298,
    0.02315
   ],
   "render_lin": [
    0.00562,
    0.01372,
    0.03192
   ],
   "ratio": [
    1.3337,
    0.9462,
    0.7252
   ],
   "param": "carpet.albedo",
   "old": [
    0.00913,
    0.01162,
    0.01445
   ],
   "new": [
    0.01218,
    0.011,
    0.01048
   ]
  },
  "glass_frosted": {
   "pixels": 27689,
   "real_lin": [
    0.016,
    0.15593,
    0.41254
   ],
   "render_lin": [
    0.01219,
    0.10568,
    0.27886
   ],
   "ratio": [
    1.3126,
    1.4754,
    1.4794
   ],
   "param": "frosted.emission",
   "old": [
    0.00917,
    0.13469,
    0.36912
   ],
   "new": [
    0.01204,
    0.19873,
    0.54608
   ]
  },
  "glass_frame": {
   "pixels": 2150,
   "real_lin": [
    0.02519,
    0.07819,
    0.16513
   ],
   "render_lin": [
    0.01722,
    0.06871,
    0.18042
   ],
   "ratio": [
    1.4623,
    1.138,
    0.9152
   ],
   "param": "frame_alu.albedo",
   "old": [
    0.13079,
    0.26629,
    0.35476
   ],
   "new": [
    0.19125,
    0.30304,
    0.32469
   ]
  },
  "panel": {
   "pixels": 10498,
   "real_lin": [
    0.01096,
    0.01229,
    0.00913
   ],
   "render_lin": [
    0.02531,
    0.02469,
    0.02292
   ],
   "ratio": [
    0.4331,
    0.4976,
    0.3986
   ],
   "param": "panel.tint",
   "old": [
    0.04212,
    0.04842,
    0.03818
   ],
   "new": [
    0.01824,
    0.0241,
    0.01522
   ]
  },
  "monitor_desk": {
   "pixels": 15635,
   "real_lin": [
    0.13014,
    0.11193,
    0.06125
   ],
   "render_lin": [
    0.08679,
    0.07523,
    0.04193
   ],
   "ratio": [
    1.4995,
    1.4879,
    1.4607
   ],
   "param": "monitor_desk_top.albedo",
   "old": [
    0.18616,
    0.16212,
    0.08587
   ],
   "new": [
    0.27915,
    0.24123,
    0.12543
   ]
  },
  "glass_lower": {
   "pixels": 18750,
   "real_lin": [
    0.007,
    0.02843,
    0.07227
   ],
   "render_lin": [
    0.00526,
    0.01966,
    0.05345
   ],
   "ratio": [
    0.9976,
    1.5278,
    1.8646
   ],
   "param": "lighting.daylight power/color"
  }
 },
 "vignette": {
  "regions": [
   "wall",
   "desk",
   "carpet"
  ],
  "k1": -0.5263469250539174,
  "k2": 0.11549781548830691,
  "rms_log": 0.2235147537060268,
  "V_at_r": [
   [
    0.25,
    0.9675544805258813
   ],
   [
    0.5,
    0.8756318822045399
   ],
   [
    0.75,
    0.7404740853390186
   ],
   [
    1.0,
    0.5891508904343895
   ],
   [
    1.25,
    0.4595600181977534
   ]
  ]
 }
}
