{
 "render": "/home/frank/robot/aha-3d/runs/yam_bimanual_rig/20260929t225835z-build-1de8ab34/renders/v22",
 "from": "configs/v22.json",
 "steps": [
  "wrist",
  "albedo"
 ],
 "regions": {
  "desk": {
   "pixels": 128473,
   "real_lin": [
    0.2462,
    0.19462,
    0.11444
   ],
   "render_lin": [
    0.2441,
    0.19396,
    0.11653
   ],
   "ratio": [
    1.0086,
    1.0034,
    0.982
   ],
   "param": "desk_top.albedo",
   "old": [
    0.42701,
    0.33394,
    0.19215
   ],
   "new": [
    0.43068,
    0.33507,
    0.1887
   ]
  },
  "wall": {
   "pixels": 280556,
   "real_lin": [
    0.25415,
    0.26225,
    0.24228
   ],
   "render_lin": [
    0.25113,
    0.26059,
    0.2388
   ],
   "ratio": [
    1.012,
    1.0064,
    1.0146
   ],
   "param": "wall.albedo",
   "old": [
    0.45953,
    0.48164,
    0.46822
   ],
   "new": [
    0.46507,
    0.48472,
    0.47505
   ]
  },
  "carpet": {
   "pixels": 22866,
   "real_lin": [
    0.0075,
    0.01298,
    0.02315
   ],
   "render_lin": [
    0.00749,
    0.01289,
    0.02331
   ],
   "ratio": [
    1.0017,
    1.0073,
    0.9931
   ],
   "param": "carpet.albedo",
   "old": [
    0.03754,
    0.06731,
    0.12167
   ],
   "new": [
    0.0376,
    0.0678,
    0.12083
   ]
  },
  "glass_frosted": {
   "pixels": 34443,
   "real_lin": [
    0.016,
    0.15896,
    0.42869
   ],
   "render_lin": [
    0.01608,
    0.15949,
    0.42458
   ],
   "ratio": [
    0.9946,
    0.9967,
    1.0097
   ],
   "param": "frosted.emission",
   "old": [
    0.01301,
    0.18307,
    0.49989
   ],
   "new": [
    0.01294,
    0.18246,
    0.50473
   ]
  },
  "glass_frame": {
   "pixels": 2098,
   "real_lin": [
    0.04231,
    0.10224,
    0.22323
   ],
   "render_lin": [
    0.03212,
    0.04908,
    0.14151
   ],
   "ratio": [
    1.3171,
    2.0833,
    1.5774
   ],
   "param": "frame_alu.albedo",
   "old": [
    0.45,
    0.5,
    0.55
   ],
   "new": [
    0.59269,
    0.95,
    0.86759
   ]
  },
  "panel": {
   "pixels": 11231,
   "real_lin": [
    0.01096,
    0.01229,
    0.00913
   ],
   "render_lin": [
    0.01091,
    0.01225,
    0.00912
   ],
   "ratio": [
    1.0042,
    1.0028,
    1.0016
   ],
   "param": "panel.tint",
   "old": [
    0.25154,
    0.26641,
    0.19287
   ],
   "new": [
    0.25261,
    0.26715,
    0.19318
   ]
  },
  "monitor_desk": {
   "pixels": 14519,
   "real_lin": [
    0.13287,
    0.11444,
    0.06125
   ],
   "render_lin": [
    0.13287,
    0.11443,
    0.06126
   ],
   "ratio": [
    1.0,
    1.0001,
    0.9998
   ],
   "param": "monitor_desk_top.albedo",
   "old": [
    0.33788,
    0.29292,
    0.15684
   ],
   "new": [
    0.33788,
    0.29294,
    0.1568
   ]
  },
  "brackets": {
   "pixels": 542,
   "real_lin": [
    0.01938,
    0.02315,
    0.02416
   ],
   "render_lin": [
    0.02513,
    0.02468,
    0.02283
   ],
   "ratio": [
    0.7712,
    0.9381,
    1.0579
   ],
   "param": "bracket.albedo",
   "old": [
    0.05,
    0.05,
    0.05
   ],
   "new": [
    0.03856,
    0.0469,
    0.0529
   ]
  },
  "glass_lower": {
   "pixels": 19183,
   "real_lin": [
    0.007,
    0.02843,
    0.07227
   ],
   "render_lin": [
    0.00716,
    0.03201,
    0.08171
   ],
   "ratio": [
    0.9751,
    0.8816,
    0.8907
   ],
   "param": "lighting.daylight power/color"
  }
 },
 "left_wrist": {
  "pixels": 353899,
  "gain": [
   1.252,
   1.3173,
   1.5457
  ]
 },
 "right_wrist": {
  "pixels": 356385,
  "gain": [
   1.339,
   1.5112,
   2.0818
  ]
 }
}
