{
 "render": "/home/frank/robot/aha-3d/runs/yam_bimanual_rig/20260929t225835z-build-1de8ab34/renders/v14",
 "from": "configs/v14.json",
 "steps": [
  "albedo"
 ],
 "regions": {
  "desk": {
   "pixels": 128473,
   "real_lin": [
    0.2462,
    0.19462,
    0.11444
   ],
   "render_lin": [
    0.24719,
    0.19679,
    0.11268
   ],
   "ratio": [
    0.996,
    0.989,
    1.0155
   ],
   "param": "desk_top.albedo",
   "old": [
    0.42536,
    0.33684,
    0.19242
   ],
   "new": [
    0.42365,
    0.33313,
    0.19541
   ]
  },
  "wall": {
   "pixels": 280556,
   "real_lin": [
    0.25415,
    0.26225,
    0.24228
   ],
   "render_lin": [
    0.25543,
    0.26621,
    0.25029
   ],
   "ratio": [
    0.995,
    0.9851,
    0.968
   ],
   "param": "wall.albedo",
   "old": [
    0.45692,
    0.48651,
    0.47858
   ],
   "new": [
    0.45463,
    0.47928,
    0.46326
   ]
  },
  "carpet": {
   "pixels": 22866,
   "real_lin": [
    0.0075,
    0.01298,
    0.02315
   ],
   "render_lin": [
    0.00665,
    0.01184,
    0.02136
   ],
   "ratio": [
    1.1273,
    1.0963,
    1.0841
   ],
   "param": "carpet.albedo",
   "old": [
    0.03247,
    0.06083,
    0.11187
   ],
   "new": [
    0.0366,
    0.06669,
    0.12127
   ]
  },
  "glass_frosted": {
   "pixels": 31605,
   "real_lin": [
    0.016,
    0.15896,
    0.42327
   ],
   "render_lin": [
    0.01605,
    0.1592,
    0.4238
   ],
   "ratio": [
    0.9969,
    0.9985,
    0.9987
   ],
   "param": "frosted.emission",
   "old": [
    0.01307,
    0.18333,
    0.5009
   ],
   "new": [
    0.01303,
    0.18305,
    0.50027
   ]
  },
  "glass_frame": {
   "pixels": 2304,
   "real_lin": [
    0.03955,
    0.10946,
    0.26225
   ],
   "render_lin": [
    0.03976,
    0.09609,
    0.11507
   ],
   "ratio": [
    0.9946,
    1.1391,
    2.279
   ],
   "param": "frame_alu.albedo",
   "old": [
    0.42873,
    0.95,
    0.95
   ],
   "new": [
    0.42641,
    0.95,
    0.95
   ]
  },
  "panel": {
   "pixels": 11231,
   "real_lin": [
    0.01096,
    0.01229,
    0.00913
   ],
   "render_lin": [
    0.02244,
    0.02179,
    0.02003
   ],
   "ratio": [
    0.4884,
    0.564,
    0.4561
   ],
   "param": "panel.tint",
   "old": [
    0.00091,
    0.0021,
    0.00053
   ],
   "new": [
    0.00044,
    0.00118,
    0.00024
   ]
  },
  "monitor_desk": {
   "pixels": 14519,
   "real_lin": [
    0.13287,
    0.11444,
    0.06125
   ],
   "render_lin": [
    0.13324,
    0.11539,
    0.06205
   ],
   "ratio": [
    0.9972,
    0.9918,
    0.987
   ],
   "param": "monitor_desk_top.albedo",
   "old": [
    0.33766,
    0.29468,
    0.15763
   ],
   "new": [
    0.33671,
    0.29225,
    0.15559
   ]
  },
  "glass_lower": {
   "pixels": 18949,
   "real_lin": [
    0.007,
    0.02843,
    0.07227
   ],
   "render_lin": [
    0.00487,
    0.03372,
    0.1332
   ],
   "ratio": [
    1.2731,
    0.7689,
    0.5005
   ],
   "param": "lighting.daylight power/color"
  }
 }
}
