{
 "render": "/home/frank/robot/aha-3d/runs/yam_bimanual_rig/20260929t225835z-build-1de8ab34/renders/v10",
 "from": "configs/v10.json",
 "steps": [
  "vignette",
  "albedo"
 ],
 "regions": {
  "desk": {
   "pixels": 128473,
   "real_lin": [
    0.2462,
    0.19462,
    0.11444
   ],
   "render_lin": [
    0.18192,
    0.1501,
    0.10865
   ],
   "ratio": [
    1.3534,
    1.2966,
    1.0532
   ],
   "param": "desk_top.albedo",
   "old": [
    0.3051,
    0.22711,
    0.10996
   ],
   "new": [
    0.41291,
    0.29447,
    0.11581
   ]
  },
  "wall": {
   "pixels": 280556,
   "real_lin": [
    0.25415,
    0.26225,
    0.24228
   ],
   "render_lin": [
    0.24919,
    0.26451,
    0.25752
   ],
   "ratio": [
    1.0199,
    0.9914,
    0.9408
   ],
   "param": "wall.albedo",
   "old": [
    0.4489,
    0.47876,
    0.45925
   ],
   "new": [
    0.45785,
    0.47466,
    0.43208
   ]
  },
  "carpet": {
   "pixels": 22866,
   "real_lin": [
    0.0075,
    0.01298,
    0.02315
   ],
   "render_lin": [
    0.00555,
    0.01588,
    0.04335
   ],
   "ratio": [
    1.3511,
    0.8173,
    0.534
   ],
   "param": "carpet.albedo",
   "old": [
    0.01442,
    0.00976,
    0.00694
   ],
   "new": [
    0.01948,
    0.00798,
    0.00371
   ]
  },
  "glass_frosted": {
   "pixels": 31605,
   "real_lin": [
    0.016,
    0.15896,
    0.42327
   ],
   "render_lin": [
    0.01639,
    0.18167,
    0.48856
   ],
   "ratio": [
    0.976,
    0.875,
    0.8664
   ],
   "param": "frosted.emission",
   "old": [
    0.01356,
    0.21103,
    0.57625
   ],
   "new": [
    0.01323,
    0.18465,
    0.49924
   ]
  },
  "glass_frame": {
   "pixels": 2304,
   "real_lin": [
    0.03955,
    0.10946,
    0.26225
   ],
   "render_lin": [
    0.04516,
    0.14317,
    0.41977
   ],
   "ratio": [
    0.8758,
    0.7646,
    0.6248
   ],
   "param": "frame_alu.albedo",
   "old": [
    0.31987,
    0.38649,
    0.38576
   ],
   "new": [
    0.28013,
    0.2955,
    0.24101
   ]
  },
  "panel": {
   "pixels": 11231,
   "real_lin": [
    0.01096,
    0.01229,
    0.00913
   ],
   "render_lin": [
    0.02232,
    0.02215,
    0.02114
   ],
   "ratio": [
    0.4911,
    0.5546,
    0.4321
   ],
   "param": "panel.tint",
   "old": [
    0.00789,
    0.01203,
    0.0061
   ],
   "new": [
    0.00387,
    0.00667,
    0.00264
   ]
  },
  "monitor_desk": {
   "pixels": 14519,
   "real_lin": [
    0.13287,
    0.11444,
    0.06125
   ],
   "render_lin": [
    0.11868,
    0.10379,
    0.05769
   ],
   "ratio": [
    1.1196,
    1.1025,
    1.0617
   ],
   "param": "monitor_desk_top.albedo",
   "old": [
    0.29528,
    0.25535,
    0.13099
   ],
   "new": [
    0.33059,
    0.28153,
    0.13907
   ]
  },
  "glass_lower": {
   "pixels": 18949,
   "real_lin": [
    0.007,
    0.02843,
    0.07227
   ],
   "render_lin": [
    0.00643,
    0.02657,
    0.07967
   ],
   "ratio": [
    0.8056,
    1.3092,
    1.6988
   ],
   "param": "lighting.daylight power/color"
  }
 },
 "vignette": {
  "regions": [
   "wall",
   "desk",
   "carpet"
  ],
  "k1": -0.5003965184954003,
  "k2": 0.10057066826979273,
  "rms_log": 0.21163777774452422,
  "V_at_r": [
   [
    0.25,
    0.9691180717669664
   ],
   [
    0.5,
    0.881186537143012
   ],
   [
    0.75,
    0.7503481463535764
   ],
   [
    1.0,
    0.6001741497743924
   ],
   [
    1.25,
    0.4636642979314856
   ]
  ]
 }
}
