{
 "render": "/home/frank/robot/aha-3d/runs/yam_bimanual_rig/20260929t225835z-build-1de8ab34/renders/v13",
 "from": "configs/v13.json",
 "steps": [
  "albedo"
 ],
 "regions": {
  "desk": {
   "pixels": 128473,
   "real_lin": [
    0.2462,
    0.19462,
    0.11444
   ],
   "render_lin": [
    0.24031,
    0.1734,
    0.06449
   ],
   "ratio": [
    1.0245,
    1.1224,
    1.7746
   ],
   "param": "desk_top.albedo",
   "old": [
    0.41518,
    0.30011,
    0.10843
   ],
   "new": [
    0.42536,
    0.33684,
    0.19242
   ]
  },
  "wall": {
   "pixels": 280556,
   "real_lin": [
    0.25415,
    0.26225,
    0.24228
   ],
   "render_lin": [
    0.24938,
    0.2526,
    0.21261
   ],
   "ratio": [
    1.0191,
    1.0382,
    1.1395
   ],
   "param": "wall.albedo",
   "old": [
    0.44833,
    0.4686,
    0.41998
   ],
   "new": [
    0.45692,
    0.48651,
    0.47858
   ]
  },
  "carpet": {
   "pixels": 22866,
   "real_lin": [
    0.0075,
    0.01298,
    0.02315
   ],
   "render_lin": [
    0.00462,
    0.0064,
    0.01035
   ],
   "ratio": [
    1.6236,
    2.0278,
    2.2374
   ],
   "param": "carpet.albedo",
   "old": [
    0.02,
    0.03,
    0.05
   ],
   "new": [
    0.03247,
    0.06083,
    0.11187
   ]
  },
  "glass_frosted": {
   "pixels": 31605,
   "real_lin": [
    0.016,
    0.15896,
    0.42327
   ],
   "render_lin": [
    0.01601,
    0.15829,
    0.41627
   ],
   "ratio": [
    0.9991,
    1.0042,
    1.0168
   ],
   "param": "frosted.emission",
   "old": [
    0.01308,
    0.18256,
    0.49262
   ],
   "new": [
    0.01307,
    0.18333,
    0.5009
   ]
  },
  "glass_frame": {
   "pixels": 2304,
   "real_lin": [
    0.03955,
    0.10946,
    0.26225
   ],
   "render_lin": [
    0.02673,
    0.02798,
    0.02119
   ],
   "ratio": [
    1.4795,
    3.9116,
    5.0
   ],
   "param": "frame_alu.albedo",
   "old": [
    0.28978,
    0.29586,
    0.19228
   ],
   "new": [
    0.42873,
    0.95,
    0.95
   ]
  },
  "panel": {
   "pixels": 11231,
   "real_lin": [
    0.01096,
    0.01229,
    0.00913
   ],
   "render_lin": [
    0.02234,
    0.0215,
    0.01935
   ],
   "ratio": [
    0.4906,
    0.5715,
    0.472
   ],
   "param": "panel.tint",
   "old": [
    0.00186,
    0.00367,
    0.00113
   ],
   "new": [
    0.00091,
    0.0021,
    0.00053
   ]
  },
  "monitor_desk": {
   "pixels": 14519,
   "real_lin": [
    0.13287,
    0.11444,
    0.06125
   ],
   "render_lin": [
    0.13017,
    0.10988,
    0.05312
   ],
   "ratio": [
    1.0207,
    1.0414,
    1.1529
   ],
   "param": "monitor_desk_top.albedo",
   "old": [
    0.33081,
    0.28296,
    0.13673
   ],
   "new": [
    0.33766,
    0.29468,
    0.15763
   ]
  },
  "glass_lower": {
   "pixels": 18949,
   "real_lin": [
    0.007,
    0.02843,
    0.07227
   ],
   "render_lin": [
    0.00337,
    0.0104,
    0.05722
   ],
   "ratio": [
    1.2803,
    1.3478,
    0.5645
   ],
   "param": "lighting.daylight power/color"
  }
 }
}
