{
 "render": "/home/frank/robot/aha-3d/runs/yam_bimanual_rig/20260929t225835z-build-1de8ab34/renders/v19",
 "from": "configs/v19.json",
 "steps": [
  "wrist",
  "albedo"
 ],
 "regions": {
  "desk": {
   "pixels": 128473,
   "real_lin": [
    0.2462,
    0.19462,
    0.11444
   ],
   "render_lin": [
    0.24429,
    0.19421,
    0.11642
   ],
   "ratio": [
    1.0078,
    1.0021,
    0.983
   ],
   "param": "desk_top.albedo",
   "old": [
    0.42369,
    0.33324,
    0.19548
   ],
   "new": [
    0.42701,
    0.33394,
    0.19215
   ]
  },
  "wall": {
   "pixels": 280556,
   "real_lin": [
    0.25415,
    0.26225,
    0.24228
   ],
   "render_lin": [
    0.2511,
    0.26056,
    0.23872
   ],
   "ratio": [
    1.0121,
    1.0065,
    1.0149
   ],
   "param": "wall.albedo",
   "old": [
    0.45402,
    0.47853,
    0.46135
   ],
   "new": [
    0.45953,
    0.48164,
    0.46822
   ]
  },
  "carpet": {
   "pixels": 22866,
   "real_lin": [
    0.0075,
    0.01298,
    0.02315
   ],
   "render_lin": [
    0.00753,
    0.01296,
    0.02309
   ],
   "ratio": [
    0.9957,
    1.0014,
    1.0028
   ],
   "param": "carpet.albedo",
   "old": [
    0.0377,
    0.06721,
    0.12133
   ],
   "new": [
    0.03754,
    0.06731,
    0.12167
   ]
  },
  "glass_frosted": {
   "pixels": 31605,
   "real_lin": [
    0.016,
    0.15896,
    0.42327
   ],
   "render_lin": [
    0.01598,
    0.15895,
    0.42328
   ],
   "ratio": [
    1.001,
    1.0001,
    1.0
   ],
   "param": "frosted.emission",
   "old": [
    0.013,
    0.18306,
    0.4999
   ],
   "new": [
    0.01301,
    0.18307,
    0.49989
   ]
  },
  "glass_frame": {
   "pixels": 2304,
   "real_lin": [
    0.03955,
    0.10946,
    0.26225
   ],
   "render_lin": [
    0.03985,
    0.07957,
    0.09517
   ],
   "ratio": [
    0.9924,
    1.3756,
    2.7556
   ],
   "param": "frame_alu.albedo",
   "old": [
    0.55198,
    0.95,
    0.95
   ],
   "new": [
    0.54778,
    0.95,
    0.95
   ]
  },
  "panel": {
   "pixels": 11231,
   "real_lin": [
    0.01096,
    0.01229,
    0.00913
   ],
   "render_lin": [
    0.01071,
    0.01206,
    0.00903
   ],
   "ratio": [
    1.0233,
    1.0185,
    1.0116
   ],
   "param": "panel.tint",
   "old": [
    0.24581,
    0.26156,
    0.19066
   ],
   "new": [
    0.25154,
    0.26641,
    0.19287
   ]
  },
  "monitor_desk": {
   "pixels": 14519,
   "real_lin": [
    0.13287,
    0.11444,
    0.06125
   ],
   "render_lin": [
    0.13271,
    0.11443,
    0.061
   ],
   "ratio": [
    1.0012,
    1.0,
    1.004
   ],
   "param": "monitor_desk_top.albedo",
   "old": [
    0.33747,
    0.29291,
    0.15621
   ],
   "new": [
    0.33788,
    0.29292,
    0.15684
   ]
  },
  "glass_lower": {
   "pixels": 18949,
   "real_lin": [
    0.007,
    0.02843,
    0.07227
   ],
   "render_lin": [
    0.00699,
    0.03508,
    0.08921
   ],
   "ratio": [
    1.0056,
    0.8091,
    0.8079
   ],
   "param": "lighting.daylight power/color"
  }
 },
 "left_wrist": {
  "pixels": 347268,
  "gain": [
   1.2476,
   1.2933,
   1.4851
  ]
 },
 "right_wrist": {
  "pixels": 372017,
  "gain": [
   1.2959,
   1.4327,
   1.9091
  ]
 }
}
