00:00.237  blend            | Read blend: "/home/frank/robot/aha-3d/scenes/yam_bimanual_rig/blender/yam_rig_twin_v3.blend"
00:00.321  cycles           | WARNING HIPEW initialization failed: Error opening HIP dynamic library
00:04.426  render           | Saved: '/home/frank/robot/aha-3d/runs/yam_bimanual_rig/20260930t142059z-build-v3-45764863/renders/delivery_v3_overview/overview_front.exr'
/home/frank/robot/aha-3d/scenes/yam_bimanual_rig/build/render_views.py:60: DeprecationWarning: 'Material.use_nodes' is expected to be removed in Blender 6.0
  mat.use_nodes = True
00:04.704  render           | Saved: '/home/frank/robot/aha-3d/runs/yam_bimanual_rig/20260930t142059z-build-v3-45764863/renders/delivery_v3_overview/overview_front_ids.exr'
00:08.350  render           | Saved: '/home/frank/robot/aha-3d/runs/yam_bimanual_rig/20260930t142059z-build-v3-45764863/renders/delivery_v3_overview/overview_left.exr'
00:08.604  render           | Saved: '/home/frank/robot/aha-3d/runs/yam_bimanual_rig/20260930t142059z-build-v3-45764863/renders/delivery_v3_overview/overview_left_ids.exr'
00:12.395  render           | Saved: '/home/frank/robot/aha-3d/runs/yam_bimanual_rig/20260930t142059z-build-v3-45764863/renders/delivery_v3_overview/overview_right.exr'
00:12.659  render           | Saved: '/home/frank/robot/aha-3d/runs/yam_bimanual_rig/20260930t142059z-build-v3-45764863/renders/delivery_v3_overview/overview_right_ids.exr'
00:16.287  render           | Saved: '/home/frank/robot/aha-3d/runs/yam_bimanual_rig/20260930t142059z-build-v3-45764863/renders/delivery_v3_overview/plan.exr'
00:16.541  render           | Saved: '/home/frank/robot/aha-3d/runs/yam_bimanual_rig/20260930t142059z-build-v3-45764863/renders/delivery_v3_overview/plan_ids.exr'
FACING_REVIEW [{"object": "side_door", "instance_id": "side_door", "status": "unverified", "reason": "Orientation not authored or reviewed"}, {"object": "yam_arm", "instance_id": "left_arm", "status": "no_target", "reason": "Frame known; no scene facing intent declared"}, {"object": "yam_arm.001", "instance_id": "right_arm", "status": "no_target", "reason": "Frame known; no scene facing intent declared"}]
VIEW_OK overview_front projection check px None
VIEW_OK overview_left projection check px None
VIEW_OK overview_right projection check px None
VIEW_OK plan projection check px None
RENDER_OK
Blender 5.2.1 LTS (hash 9e2066aef7ef built 2026-08-25 02:12:34)

Blender quit
