view 0 visible 3122655 agree 2311295
view 1 visible 3121590 agree 2298393
view 2 visible 3115211 agree 2301363
view 3 visible 3086853 agree 2323983
view 4 visible 3075774 agree 2331227
view 5 visible 3039058 agree 2287035
view 6 visible 3018114 agree 2289262
view 7 visible 2977326 agree 2210049
view 8 visible 2956476 agree 2156758
view 9 visible 2914950 agree 2178947
view 10 visible 2891975 agree 2158220
view 11 visible 2888953 agree 2152000
view 12 visible 2868660 agree 2144273
view 13 visible 2864997 agree 2155878
view 14 visible 2849693 agree 2139161
view 15 visible 2830757 agree 2178531
view 16 visible 2862417 agree 2182422
view 17 visible 2872582 agree 2173332
view 18 visible 2868528 agree 2208321
view 19 visible 2898302 agree 2154512
view 20 visible 2891129 agree 2131059
view 21 visible 2914608 agree 2185551
view 22 visible 2936788 agree 2194605
view 23 visible 2930057 agree 2173420
view 24 visible 2928792 agree 2121474
view 25 visible 2922917 agree 2090544
view 26 visible 2892276 agree 2053878
view 27 visible 2888461 agree 2016050
view 28 visible 2874326 agree 1979417
view 29 visible 2822453 agree 2009632
view 30 visible 2812796 agree 2007669
view 31 visible 2708502 agree 1860001
view 32 visible 2584186 agree 1662226
view 33 visible 2504910 agree 1421667
view 34 visible 2462095 agree 1327611
view 35 visible 2420910 agree 1309738
view 36 visible 2358678 agree 1268925
view 37 visible 2292696 agree 1353207
view 38 visible 2187271 agree 1480827
view 39 visible 2139580 agree 1530393
view 40 visible 2170196 agree 1550584
view 41 visible 2212135 agree 1549741
view 42 visible 2137445 agree 1482433
view 43 visible 2079883 agree 1427347
view 44 visible 2082408 agree 1392005
view 45 visible 2021824 agree 1345240
view 46 visible 1996568 agree 1351067
view 47 visible 1941281 agree 1330404
view 48 visible 1811827 agree 1260893
view 49 visible 1807608 agree 1201438
view 50 visible 1821497 agree 1229895
view 51 visible 1776152 agree 1219614
view 52 visible 1797401 agree 1285960
view 53 visible 1771195 agree 1301013
view 54 visible 1682074 agree 1217781
view 55 visible 1744886 agree 1270380
view 56 visible 1748812 agree 1262568
view 57 visible 1817740 agree 1311700
view 58 visible 1816774 agree 1316283
view 59 visible 1849588 agree 1297976
view 60 visible 1904060 agree 1301082
view 61 visible 1965423 agree 1349589
view 62 visible 1981517 agree 1362009
view 63 visible 1984875 agree 1376243
kept 3212606 of 3553709
