zed keypoints 1047
slot  0 frame    0 good   54 F-inliers   14 kept   11
slot  1 frame   20 good   67 F-inliers   23 kept   17
slot  2 frame   40 good   48 F-inliers   15 kept    7
slot  3 frame   60 good   69 F-inliers   27 kept    3
slot  4 frame   80 good   70 F-inliers   24 kept    8
slot  5 frame  100 good   53 F-inliers   18 kept    8
slot  6 frame  120 good   49 F-inliers   17 kept   17
slot  7 frame  140 good   52 F-inliers   15 kept    4
slot  8 frame  160 good   62 F-inliers   22 kept    0
slot  9 frame  180 good   72 F-inliers   20 kept   13
slot 10 frame  200 good   60 F-inliers   14 kept    8
slot 11 frame  221 good   67 F-inliers   15 kept    2
slot 12 frame  241 good   44 F-inliers   11 kept    4
slot 13 frame  261 good   61 F-inliers   21 kept   18
slot 14 frame  281 good   74 F-inliers   30 kept   27
slot 15 frame  301 good   57 F-inliers   20 kept   20
slot 16 frame  321 good   58 F-inliers   20 kept   18
slot 17 frame  341 good   79 F-inliers   26 kept   26
slot 18 frame  361 good   76 F-inliers   27 kept   27
slot 19 frame  381 good   83 F-inliers   32 kept   22
slot 20 frame  401 good   59 F-inliers   14 kept   10
slot 21 frame  421 good  122 F-inliers   65 kept   65
slot 22 frame  441 good   66 F-inliers   15 kept   10
slot 23 frame  461 good   74 F-inliers   12 kept   11
slot 24 frame  481 good   67 F-inliers   17 kept   12
slot 25 frame  501 good   64 F-inliers   21 kept    8
slot 26 frame  521 good   67 F-inliers   19 kept    3
slot 27 frame  541 good   55 F-inliers   14 kept   12
slot 28 frame  561 good   69 F-inliers   18 kept   16
slot 29 frame  581 good   70 F-inliers   15 kept   12
slot 30 frame  601 good   48 F-inliers   12 kept    7
slot 31 frame  621 good  103 F-inliers   58 kept   55
slot 32 frame  642 good   73 F-inliers   27 kept   19
slot 33 frame  662 good   40 F-inliers   12 kept    8
slot 34 frame  682 good   61 F-inliers   21 kept   10
slot 35 frame  702 good   64 F-inliers   18 kept   13
slot 36 frame  722 good   74 F-inliers   21 kept   20
slot 37 frame  742 good   96 F-inliers   33 kept   33
slot 38 frame  762 good   60 F-inliers   23 kept   22
slot 39 frame  782 good   61 F-inliers   20 kept    6
slot 40 frame  802 good   55 F-inliers   17 kept    7
slot 41 frame  822 good   67 F-inliers   19 kept    3
slot 42 frame  842 good   66 F-inliers   23 kept   13
slot 43 frame  862 good   75 F-inliers   28 kept    9
slot 44 frame  882 good   53 F-inliers   13 kept    9
slot 45 frame  902 good   60 F-inliers   16 kept    9
slot 46 frame  922 good   41 F-inliers   11 kept    9
slot 47 frame  942 good   48 F-inliers   13 kept    9
slot 48 frame  962 good   55 F-inliers   15 kept    8
slot 49 frame  982 good   41 F-inliers   13 kept   10
slot 50 frame 1002 good   53 F-inliers   21 kept   18
slot 51 frame 1022 good   40 F-inliers   12 kept    8
slot 52 frame 1042 good   51 F-inliers   18 kept   12
slot 53 frame 1063 good   48 F-inliers   14 kept    7
slot 54 frame 1083 good   42 F-inliers   15 kept    7
slot 55 frame 1103 good   60 F-inliers   22 kept   19
slot 56 frame 1123 good   46 F-inliers   16 kept   12
slot 57 frame 1143 good   66 F-inliers   15 kept    7
slot 58 frame 1163 good   49 F-inliers   18 kept    4
slot 59 frame 1183 good   87 F-inliers   42 kept   36
slot 60 frame 1203 good   62 F-inliers   17 kept    3
slot 61 frame 1223 good   60 F-inliers   15 kept   12
slot 62 frame 1243 good   57 F-inliers   15 kept    6
slot 63 frame 1263 good   63 F-inliers   17 kept   10
total correspondences 859
