PASS completeness: no null/NaN outside rail profiles
PASS section inputs present and non-empty
PASS section conventions present and non-empty
PASS section transform_reference_to_metric present and non-empty
PASS section residuals_final present and non-empty
PASS section alternatives present and non-empty
PASS section desk present and non-empty
PASS section planes present and non-empty
PASS section arms present and non-empty
PASS section arm_spacing present and non-empty
PASS section rail present and non-empty
PASS section scene_camera present and non-empty
PASS M = [diag(S) | t]
PASS residuals_final reproduced from anchors + M  [max |diff| 0.00e+00 m over 15 values]
PASS camera rotation orthonormal, det +1
PASS blender = opencv @ diag(1,-1,-1,1)
PASS OpenCV x axis ~ +X (camera looks at the wall, +Y)  [x_cam=[ 0.999 -0.    -0.037], z_cam=[-0.027  0.679 -0.734]]
PASS position / optical axis / heights consistent
PASS pitch_down_deg = asin(-z_cam.z)
PASS K fields and FOV consistent
PASS K equals the ZED SDK left-eye K (zed_metric)
PASS Blender lens in note  [13.7258 mm]
PASS desk back-left corner reprojects onto the ZED image corner  [0.00 px]
PASS desk back-right corner reprojects onto the ZED image corner  [0.00 px]
PASS left_arm world_from_base = [Rz(yaw) | base]
PASS right_arm world_from_base = [Rz(yaw) | base]
PASS arm_spacing consistent
PASS desk corners / size / planes consistent
RESULT all checks pass
